[    0.000000] Initializing cgroup subsys cpuset
[    0.000000] Initializing cgroup subsys cpu
[    0.000000] Initializing cgroup subsys cpuacct
[    0.000000] Linux version 4.4.0-64-generic (buildd@lgw01-56) (gcc version 5.4.0 20160609 (Ubuntu 5.4.0-6ubuntu1~16.04.4) ) #85-Ubuntu SMP Mon Feb 20 11:50:30 UTC 2017 (Ubuntu 4.4.0-64.85-generic 4.4.44)
[    0.000000] Command line: BOOT_IMAGE=/boot/vmlinuz-4.4.0-64-generic root=LABEL=cloudimg-rootfs ro console=tty1 console=ttyS0
[    0.000000] KERNEL supported cpus:
[    0.000000]   Intel GenuineIntel
[    0.000000]   AMD AuthenticAMD
[    0.000000]   Centaur CentaurHauls
[    0.000000] x86/fpu: xstate_offset[2]:  576, xstate_sizes[2]:  256
[    0.000000] x86/fpu: Supporting XSAVE feature 0x01: 'x87 floating point registers'
[    0.000000] x86/fpu: Supporting XSAVE feature 0x02: 'SSE registers'
[    0.000000] x86/fpu: Supporting XSAVE feature 0x04: 'AVX registers'
[    0.000000] x86/fpu: Enabled xstate features 0x7, context size is 832 bytes, using 'standard' format.
[    0.000000] x86/fpu: Using 'lazy' FPU context switches.
[    0.000000] e820: BIOS-provided physical RAM map:
[    0.000000] BIOS-e820: [mem 0x0000000000000000-0x000000000009fbff] usable
[    0.000000] BIOS-e820: [mem 0x000000000009fc00-0x000000000009ffff] reserved
[    0.000000] BIOS-e820: [mem 0x00000000000f0000-0x00000000000fffff] reserved
[    0.000000] BIOS-e820: [mem 0x0000000000100000-0x000000003ffeffff] usable
[    0.000000] BIOS-e820: [mem 0x000000003fff0000-0x000000003fffffff] ACPI data
[    0.000000] BIOS-e820: [mem 0x00000000fec00000-0x00000000fec00fff] reserved
[    0.000000] BIOS-e820: [mem 0x00000000fee00000-0x00000000fee00fff] reserved
[    0.000000] BIOS-e820: [mem 0x00000000fffc0000-0x00000000ffffffff] reserved
[    0.000000] NX (Execute Disable) protection: active
[    0.000000] SMBIOS 2.5 present.
[    0.000000] Hypervisor detected: KVM
[    0.000000] e820: last_pfn = 0x3fff0 max_arch_pfn = 0x400000000
[    0.000000] MTRR: Disabled
[    0.000000] x86/PAT: MTRRs disabled, skipping PAT initialization too.
[    0.000000] x86/PAT: Configuration [0-7]: WB  WT  UC- UC  WB  WT  UC- UC  
[    0.000000] CPU MTRRs all blank - virtualized system.
[    0.000000] found SMP MP-table at [mem 0x0009fff0-0x0009ffff] mapped at [ffff88000009fff0]
[    0.000000] Scanning 1 areas for low memory corruption
[    0.000000] RAMDISK: [mem 0x36ac4000-0x37559fff]
[    0.000000] ACPI: Early table checksum verification disabled
[    0.000000] ACPI: RSDP 0x00000000000E0000 000024 (v02 VBOX  )
[    0.000000] ACPI: XSDT 0x000000003FFF0030 00003C (v01 VBOX   VBOXXSDT 00000001 ASL  00000061)
[    0.000000] ACPI: FACP 0x000000003FFF00F0 0000F4 (v04 VBOX   VBOXFACP 00000001 ASL  00000061)
[    0.000000] ACPI: DSDT 0x000000003FFF0470 00210F (v01 VBOX   VBOXBIOS 00000002 INTL 20100528)
[    0.000000] ACPI: FACS 0x000000003FFF0200 000040
[    0.000000] ACPI: FACS 0x000000003FFF0200 000040
[    0.000000] ACPI: APIC 0x000000003FFF0240 00005C (v02 VBOX   VBOXAPIC 00000001 ASL  00000061)
[    0.000000] ACPI: SSDT 0x000000003FFF02A0 0001CC (v01 VBOX   VBOXCPUT 00000002 INTL 20100528)
[    0.000000] No NUMA configuration found
[    0.000000] Faking a node at [mem 0x0000000000000000-0x000000003ffeffff]
[    0.000000] NODE_DATA(0) allocated [mem 0x3ffeb000-0x3ffeffff]
[    0.000000] kvm-clock: Using msrs 4b564d01 and 4b564d00
[    0.000000] kvm-clock: cpu 0, msr 0:3ffe3001, primary cpu clock
[    0.000000] kvm-clock: using sched offset of 2945328434 cycles
[    0.000000] clocksource: kvm-clock: mask: 0xffffffffffffffff max_cycles: 0x1cd42e4dffb, max_idle_ns: 881590591483 ns
[    0.000000] Zone ranges:
[    0.000000]   DMA      [mem 0x0000000000001000-0x0000000000ffffff]
[    0.000000]   DMA32    [mem 0x0000000001000000-0x000000003ffeffff]
[    0.000000]   Normal   empty
[    0.000000]   Device   empty
[    0.000000] Movable zone start for each node
[    0.000000] Early memory node ranges
[    0.000000]   node   0: [mem 0x0000000000001000-0x000000000009efff]
[    0.000000]   node   0: [mem 0x0000000000100000-0x000000003ffeffff]
[    0.000000] Initmem setup node 0 [mem 0x0000000000001000-0x000000003ffeffff]
[    0.000000] ACPI: PM-Timer IO Port: 0x4008
[    0.000000] IOAPIC[0]: apic_id 2, version 32, address 0xfec00000, GSI 0-23
[    0.000000] ACPI: INT_SRC_OVR (bus 0 bus_irq 0 global_irq 2 dfl dfl)
[    0.000000] ACPI: INT_SRC_OVR (bus 0 bus_irq 9 global_irq 9 high level)
[    0.000000] Using ACPI (MADT) for SMP configuration information
[    0.000000] smpboot: Allowing 2 CPUs, 0 hotplug CPUs
[    0.000000] PM: Registered nosave memory: [mem 0x00000000-0x00000fff]
[    0.000000] PM: Registered nosave memory: [mem 0x0009f000-0x0009ffff]
[    0.000000] PM: Registered nosave memory: [mem 0x000a0000-0x000effff]
[    0.000000] PM: Registered nosave memory: [mem 0x000f0000-0x000fffff]
[    0.000000] e820: [mem 0x40000000-0xfebfffff] available for PCI devices
[    0.000000] Booting paravirtualized kernel on KVM
[    0.000000] clocksource: refined-jiffies: mask: 0xffffffff max_cycles: 0xffffffff, max_idle_ns: 7645519600211568 ns
[    0.000000] setup_percpu: NR_CPUS:512 nr_cpumask_bits:512 nr_cpu_ids:2 nr_node_ids:1
[    0.000000] PERCPU: Embedded 33 pages/cpu @ffff88003fc00000 s98264 r8192 d28712 u1048576
[    0.000000] PV qspinlock hash table entries: 256 (order: 0, 4096 bytes)
[    0.000000] Built 1 zonelists in Node order, mobility grouping on.  Total pages: 257913
[    0.000000] Policy zone: DMA32
[    0.000000] Kernel command line: BOOT_IMAGE=/boot/vmlinuz-4.4.0-64-generic root=LABEL=cloudimg-rootfs ro console=tty1 console=ttyS0
[    0.000000] PID hash table entries: 4096 (order: 3, 32768 bytes)
[    0.000000] Memory: 1001736K/1048120K available (8452K kernel code, 1293K rwdata, 3980K rodata, 1488K init, 1316K bss, 46384K reserved, 0K cma-reserved)
[    0.000000] SLUB: HWalign=64, Order=0-3, MinObjects=0, CPUs=2, Nodes=1
[    0.000000] Hierarchical RCU implementation.
[    0.000000] 	Build-time adjustment of leaf fanout to 64.
[    0.000000] 	RCU restricting CPUs from NR_CPUS=512 to nr_cpu_ids=2.
[    0.000000] RCU: Adjusting geometry for rcu_fanout_leaf=64, nr_cpu_ids=2
[    0.000000] NR_IRQS:33024 nr_irqs:440 16
[    0.000000] Console: colour VGA+ 80x25
[    0.000000] console [tty1] enabled
[    0.000000] console [ttyS0] enabled
[    0.000000] tsc: Detected 3500.000 MHz processor
[    1.006538] Calibrating delay loop (skipped) preset value.. 7000.00 BogoMIPS (lpj=14000000)
[    1.007523] pid_max: default: 32768 minimum: 301
[    1.008052] ACPI: Core revision 20150930
[    1.009119] ACPI: 2 ACPI AML tables successfully acquired and loaded
[    1.022604] Security Framework initialized
[    1.025527] Yama: becoming mindful.
[    1.025970] AppArmor: AppArmor initialized
[    1.026511] Dentry cache hash table entries: 131072 (order: 8, 1048576 bytes)
[    1.027334] Inode-cache hash table entries: 65536 (order: 7, 524288 bytes)
[    1.037977] Mount-cache hash table entries: 2048 (order: 2, 16384 bytes)
[    1.039769] Mountpoint-cache hash table entries: 2048 (order: 2, 16384 bytes)
[    1.059330] Initializing cgroup subsys io
[    1.059826] Initializing cgroup subsys memory
[    1.060332] Initializing cgroup subsys devices
[    1.060843] Initializing cgroup subsys freezer
[    1.061361] Initializing cgroup subsys net_cls
[    1.108177] Initializing cgroup subsys perf_event
[    1.146438] Initializing cgroup subsys net_prio
[    1.215021] Initializing cgroup subsys hugetlb
[    1.242516] Initializing cgroup subsys pids
[    1.243064] CPU: Physical Processor ID: 0
[    1.255237] CPU: Processor Core ID: 0
[    1.256393] mce: CPU supports 0 MCE banks
[    1.256883] Last level iTLB entries: 4KB 1024, 2MB 1024, 4MB 1024
[    1.257522] Last level dTLB entries: 4KB 1024, 2MB 1024, 4MB 1024, 1GB 4
[    1.287791] Freeing SMP alternatives memory: 32K (ffffffff820b9000 - ffffffff820c1000)
[    1.293907] ftrace: allocating 32123 entries in 126 pages
[    1.395193] smpboot: APIC(0) Converting physical 0 to logical package 0
[    1.451326] smpboot: Max logical packages: 1
[    1.458225] x2apic enabled
[    1.458758] Switched APIC routing to physical x2apic.
[    1.460073] ..TIMER: vector=0x30 apic1=0 pin1=2 apic2=-1 pin2=-1
[    1.566592] smpboot: CPU0: Intel(R) Core(TM) i7-4770K CPU @ 3.50GHz (family: 0x6, model: 0x3c, stepping: 0x3)
[    1.583318] Performance Events: unsupported p6 CPU model 60 no PMU driver, software events only.
[    1.587211] KVM setup paravirtual spinlock
[    1.588137] x86: Booting SMP configuration:
[    1.588633] .... node  #0, CPUs:      #1
[    1.589160] kvm-clock: cpu 1, msr 0:3ffe3041, secondary cpu clock
[    1.591792] mce: CPU supports 0 MCE banks
[    1.594072] x86: Booted up 1 node, 2 CPUs
[    1.600716] smpboot: Total of 2 processors activated (14000.00 BogoMIPS)
[    1.601644] devtmpfs: initialized
[    1.603741] evm: security.selinux
[    1.604171] evm: security.SMACK64
[    1.604589] evm: security.SMACK64EXEC
[    1.605038] evm: security.SMACK64TRANSMUTE
[    1.650118] evm: security.SMACK64MMAP
[    1.681434] evm: security.ima
[    1.710158] evm: security.capability
[    1.756189] clocksource: jiffies: mask: 0xffffffff max_cycles: 0xffffffff, max_idle_ns: 7645041785100000 ns
[    1.846634] pinctrl core: initialized pinctrl subsystem
[    1.900535] RTC time: 17:08:17, date: 02/24/17
[    1.929381] NET: Registered protocol family 16
[    1.994241] cpuidle: using governor ladder
[    2.050993] cpuidle: using governor menu
[    2.082580] PCCT header not found.
[    2.114186] ACPI: bus type PCI registered
[    2.114668] acpiphp: ACPI Hot Plug PCI Controller Driver version: 0.5
[    2.156246] PCI: Using configuration type 1 for base access
[    2.227077] ACPI: Added _OSI(Module Device)
[    2.266698] ACPI: Added _OSI(Processor Device)
[    2.289632] ACPI: Added _OSI(3.0 _SCP Extensions)
[    2.313157] ACPI: Added _OSI(Processor Aggregator Device)
[    2.314202] ACPI: Executed 1 blocks of module-level executable AML code
[    2.334633] ACPI: Interpreter enabled
[    2.347523] ACPI: (supports S0 S5)
[    2.347953] ACPI: Using IOAPIC for interrupt routing
[    2.360417] PCI: Using host bridge windows from ACPI; if necessary, use "pci=nocrs" and report a bug
[    2.408844] ACPI: PCI Root Bridge [PCI0] (domain 0000 [bus 00-ff])
[    2.439141] acpi PNP0A03:00: _OSC: OS supports [ASPM ClockPM Segments MSI]
[    2.450386] acpi PNP0A03:00: _OSC failed (AE_NOT_FOUND); disabling ASPM
[    2.493574] acpi PNP0A03:00: fail to add MMCONFIG information, can't access extended PCI configuration space under this bridge.
[    2.530577] PCI host bridge to bus 0000:00
[    2.531270] pci_bus 0000:00: root bus resource [io  0x0000-0x0cf7 window]
[    2.571827] pci_bus 0000:00: root bus resource [io  0x0d00-0xffff window]
[    2.598837] pci_bus 0000:00: root bus resource [mem 0x000a0000-0x000bffff window]
[    2.602645] pci_bus 0000:00: root bus resource [mem 0x40000000-0xffdfffff window]
[    2.603520] pci_bus 0000:00: root bus resource [bus 00-ff]
[    2.664284] pci 0000:00:01.1: legacy IDE quirk: reg 0x10: [io  0x01f0-0x01f7]
[    2.693133] pci 0000:00:01.1: legacy IDE quirk: reg 0x14: [io  0x03f6]
[    2.710481] pci 0000:00:01.1: legacy IDE quirk: reg 0x18: [io  0x0170-0x0177]
[    2.711204] pci 0000:00:01.1: legacy IDE quirk: reg 0x1c: [io  0x0376]
[    2.719172] pci 0000:00:07.0: quirk: [io  0x4000-0x403f] claimed by PIIX4 ACPI
[    2.764385] pci 0000:00:07.0: quirk: [io  0x4100-0x410f] claimed by PIIX4 SMB
[    2.775679] ACPI: PCI Interrupt Link [LNKA] (IRQs 5 9 10 *11)
[    2.819301] ACPI: PCI Interrupt Link [LNKB] (IRQs 5 9 10 *11)
[    2.828260] ACPI: PCI Interrupt Link [LNKC] (IRQs 5 9 *10 11)
[    2.884158] ACPI: PCI Interrupt Link [LNKD] (IRQs 5 *9 10 11)
[    2.894239] ACPI: Enabled 2 GPEs in block 00 to 07
[    2.935858] vgaarb: setting as boot device: PCI:0000:00:02.0
[    2.999577] vgaarb: device added: PCI:0000:00:02.0,decodes=io+mem,owns=io+mem,locks=none
[    3.067211] vgaarb: loaded
[    3.067590] vgaarb: bridge control possible 0000:00:02.0
[    3.068316] SCSI subsystem initialized
[    3.068848] ACPI: bus type USB registered
[    3.085675] usbcore: registered new interface driver usbfs
[    3.130850] usbcore: registered new interface driver hub
[    3.186617] usbcore: registered new device driver usb
[    3.197520] PCI: Using ACPI for IRQ routing
[    3.198180] NetLabel: Initializing
[    3.234704] NetLabel:  domain hash size = 128
[    3.258317] NetLabel:  protocols = UNLABELED CIPSOv4
[    3.258885] NetLabel:  unlabeled traffic allowed by default
[    3.259569] amd_nb: Cannot enumerate AMD northbridges
[    3.260145] clocksource: Switched to clocksource kvm-clock
[    3.267872] AppArmor: AppArmor Filesystem Enabled
[    3.275122] pnp: PnP ACPI init
[    3.275992] pnp: PnP ACPI: found 3 devices
[    3.283439] clocksource: acpi_pm: mask: 0xffffff max_cycles: 0xffffff, max_idle_ns: 2085701024 ns
[    3.298292] NET: Registered protocol family 2
[    3.298914] TCP established hash table entries: 8192 (order: 4, 65536 bytes)
[    3.299778] TCP bind hash table entries: 8192 (order: 5, 131072 bytes)
[    3.300469] TCP: Hash tables configured (established 8192 bind 8192)
[    3.301136] UDP hash table entries: 512 (order: 2, 16384 bytes)
[    3.390127] UDP-Lite hash table entries: 512 (order: 2, 16384 bytes)
[    3.455231] NET: Registered protocol family 1
[    3.455750] pci 0000:00:00.0: Limiting direct PCI/PCI transfers
[    3.456404] pci 0000:00:01.0: Activating ISA DMA hang workarounds
[    3.471595] Trying to unpack rootfs image as initramfs...
[    4.679658] Freeing initrd memory: 10840K (ffff880036ac4000 - ffff88003755a000)
[    4.691824] RAPL PMU detected, API unit is 2^-32 Joules, 4 fixed counters 10737418240 ms ovfl timer
[    4.692842] hw unit of domain pp0-core 2^-0 Joules
[    4.750737] hw unit of domain package 2^-0 Joules
[    4.784313] hw unit of domain dram 2^-0 Joules
[    4.787983] hw unit of domain pp1-gpu 2^-0 Joules
[    4.800343] platform rtc_cmos: registered platform RTC device (no PNP device found)
[    4.801274] Scanning for low memory corruption every 60 seconds
[    4.811611] futex hash table entries: 512 (order: 3, 32768 bytes)
[    4.812273] audit: initializing netlink subsys (disabled)
[    4.815881] audit: type=2000 audit(1487956102.451:1): initialized
[    4.818767] Initialise system trusted keyring
[    4.819397] HugeTLB registered 2 MB page size, pre-allocated 0 pages
[    4.820879] zbud: loaded
[    4.824666] VFS: Disk quotas dquot_6.6.0
[    4.825168] VFS: Dquot-cache hash table entries: 512 (order 0, 4096 bytes)
[    4.829709] squashfs: version 4.0 (2009/01/31) Phillip Lougher
[    4.830503] fuse init (API version 7.23)
[    4.831083] Key type big_key registered
[    4.831664] Allocating IMA MOK and blacklist keyrings.
[    4.832814] Key type asymmetric registered
[    4.833305] Asymmetric key parser 'x509' registered
[    4.833895] Block layer SCSI generic (bsg) driver version 0.4 loaded (major 249)
[    4.839593] io scheduler noop registered
[    4.840085] io scheduler deadline registered (default)
[    4.840700] io scheduler cfq registered
[    4.841252] pci_hotplug: PCI Hot Plug PCI Core version: 0.5
[    4.844450] pciehp: PCI Express Hot Plug Controller Driver version: 0.4
[    4.845218] ACPI: AC Adapter [AC] (on-line)
[    4.847596] input: Power Button as /devices/LNXSYSTM:00/LNXPWRBN:00/input/input0
[    4.848472] ACPI: Power Button [PWRF]
[    4.848996] input: Sleep Button as /devices/LNXSYSTM:00/LNXSLPBN:00/input/input1
[    4.849912] ACPI: Sleep Button [SLPF]
[    4.852318] GHES: HEST is not enabled!
[    4.852838] Serial: 8250/16550 driver, 32 ports, IRQ sharing enabled
[    4.879438] 00:02: ttyS0 at I/O 0x3f8 (irq = 4, base_baud = 115200) is a 16550A
[    4.892024] Linux agpgart interface v0.103
[    4.893892] brd: module loaded
[    4.894905] loop: module loaded
[    4.895631] scsi host0: ata_piix
[    4.896114] scsi host1: ata_piix
[    4.896567] ata1: PATA max UDMA/33 cmd 0x1f0 ctl 0x3f6 bmdma 0xd000 irq 14
[    4.897293] ata2: PATA max UDMA/33 cmd 0x170 ctl 0x376 bmdma 0xd008 irq 15
[    4.900067] libphy: Fixed MDIO Bus: probed
[    4.902053] tun: Universal TUN/TAP device driver, 1.6
[    4.902654] tun: (C) 1999-2004 Max Krasnyansky <maxk@qualcomm.com>
[    4.903341] PPP generic driver version 2.4.2
[    4.903877] ehci_hcd: USB 2.0 'Enhanced' Host Controller (EHCI) Driver
[    4.904577] ehci-pci: EHCI PCI platform driver
[    4.905099] ehci-platform: EHCI generic platform driver
[    4.905685] ohci_hcd: USB 1.1 'Open' Host Controller (OHCI) Driver
[    4.907838] ohci-pci: OHCI PCI platform driver
[    4.911358] ohci-platform: OHCI generic platform driver
[    4.913120] uhci_hcd: USB Universal Host Controller Interface driver
[    4.913826] i8042: PNP: PS/2 Controller [PNP0303:PS2K,PNP0f03:PS2M] at 0x60,0x64 irq 1,12
[    4.915107] serio: i8042 KBD port at 0x60,0x64 irq 1
[    4.920084] serio: i8042 AUX port at 0x60,0x64 irq 12
[    4.920750] mousedev: PS/2 mouse device common for all mice
[    4.922060] input: AT Translated Set 2 keyboard as /devices/platform/i8042/serio0/input/input2
[    4.925586] rtc_cmos rtc_cmos: rtc core: registered rtc_cmos as rtc0
[    4.927986] rtc_cmos rtc_cmos: alarms up to one day, 114 bytes nvram
[    4.928680] i2c /dev entries driver
[    4.929148] device-mapper: uevent: version 1.0.3
[    4.929767] device-mapper: ioctl: 4.34.0-ioctl (2015-10-28) initialised: dm-devel@redhat.com
[    4.930728] ledtrig-cpu: registered to indicate activity on CPUs
[    4.931624] NET: Registered protocol family 10
[    4.938706] NET: Registered protocol family 17
[    4.939226] Key type dns_resolver registered
[    4.939836] microcode: CPU0 sig=0x306c3, pf=0x40, revision=0x0
[    4.948978] microcode: CPU1 sig=0x306c3, pf=0x40, revision=0x0
[    4.952945] microcode: Microcode Update Driver: v2.01 <tigran@aivazian.fsnet.co.uk>, Peter Oruba
[    4.960711] registered taskstats version 1
[    5.008798] Loading compiled-in X.509 certificates
[    5.009762] Loaded X.509 cert 'Build time autogenerated kernel key: 11f495fa9f4186f263f5fd144a167c99990e2f12'
[    5.027149] zswap: loaded using pool lzo/zbud
[    5.047114] Key type trusted registered
[    5.078070] Key type encrypted registered
[    5.104428] AppArmor: AppArmor sha1 policy hashing enabled
[    5.105031] ima: No TPM chip found, activating TPM-bypass!
[    5.105641] evm: HMAC attrs: 0x1
[    5.109103]   Magic number: 5:646:138
[    5.109586] block ram3: hash matches
[    5.110219] rtc_cmos rtc_cmos: setting system clock to 2017-02-24 17:08:21 UTC (1487956101)
[    5.111353] BIOS EDD facility v0.16 2004-Jun-25, 0 devices found
[    5.134737] EDD information not available.
[    5.151077] Freeing unused kernel memory: 1488K (ffffffff81f45000 - ffffffff820b9000)
[    5.152008] Write protecting the kernel read-only data: 14336k
[    5.152978] Freeing unused kernel memory: 1776K (ffff880001844000 - ffff880001a00000)
[    5.154082] Freeing unused kernel memory: 116K (ffff880001de3000 - ffff880001e00000)
Loading, please wait...
starting version[    5.165523] random: systemd-udevd: uninitialized urandom read (16 bytes read, 2 bits of entropy available)
 229
[    5.165854] random: udevadm: uninitialized urandom read (16 bytes read, 2 bits of entropy available)
[    5.165886] random: udevadm: uninitialized urandom read (16 bytes read, 2 bits of entropy available)
[    5.165973] random: udevadm: uninitialized urandom read (16 bytes read, 2 bits of entropy available)
[    5.165998] random: udevadm: uninitialized urandom read (16 bytes read, 2 bits of entropy available)
[    5.166020] random: udevadm: uninitialized urandom read (16 bytes read, 2 bits of entropy available)
[    5.166044] random: udevadm: uninitialized urandom read (16 bytes read, 2 bits of entropy available)
[    5.166066] random: udevadm: uninitialized urandom read (16 bytes read, 2 bits of entropy available)
[    5.166089] random: udevadm: uninitialized urandom read (16 bytes read, 2 bits of entropy available)
[    5.166121] random: udevadm: uninitialized urandom read (16 bytes read, 2 bits of entropy available)
[    5.239951] e1000: Intel(R) PRO/1000 Network Driver - version 7.3.21-k8-NAPI
[    5.248454] e1000: Copyright (c) 1999-2006 Intel Corporation.
[    5.251052] Fusion MPT base driver 3.04.20
[    5.251547] Copyright (c) 1999-2008 LSI Corporation
[    5.271317] Fusion MPT SPI Host driver 3.04.20
[    5.276332] AVX version of gcm_enc/dec engaged.
[    5.277103] AES CTR mode by8 optimization enabled
[    5.481942] input: ImExPS/2 Generic Explorer Mouse as /devices/platform/i8042/serio1/input/input4
[    5.598521] e1000 0000:00:03.0 eth0: (PCI:33MHz:32-bit) 02:ee:b6:8e:84:86
[    5.619306] e1000 0000:00:03.0 eth0: Intel(R) PRO/1000 Network Connection
[    5.621135] mptbase: ioc0: Initiating bringup
[    5.621444] e1000 0000:00:03.0 enp0s3: renamed from eth0
[    5.684769] ioc0: LSI53C1030 A0: Capabilities={Initiator}
[    5.801393] clocksource: tsc: mask: 0xffffffffffffffff max_cycles: 0x3273517a200, max_idle_ns: 440795369676 ns
[    5.895079] scsi host2: ioc0: LSI53C1030 A0, FwRev=00000000h, Ports=1, MaxQ=256, IRQ=20
[    6.177282] scsi 2:0:0:0: Direct-Access     VBOX     HARDDISK         1.0  PQ: 0 ANSI: 5
[    6.221883] scsi target2:0:0: Beginning Domain Validation
[    6.228832] scsi target2:0:0: Domain Validation skipping write tests
[    6.229672] scsi target2:0:0: Ending Domain Validation
[    6.230409] scsi target2:0:0: asynchronous
[    6.250314] scsi 2:0:1:0: Direct-Access     VBOX     HARDDISK         1.0  PQ: 0 ANSI: 5
[    6.251282] scsi target2:0:1: Beginning Domain Validation
[    6.252298] scsi target2:0:1: Domain Validation skipping write tests
[    6.252963] scsi target2:0:1: Ending Domain Validation
[    6.253625] scsi target2:0:1: asynchronous
[    6.256886] sd 2:0:0:0: Attached scsi generic sg0 type 0
[    6.304555] sd 2:0:0:0: [sda] 20971520 512-byte logical blocks: (10.7 GB/10.0 GiB)
[    6.307235] sd 2:0:1:0: [sdb] 20480 512-byte logical blocks: (10.5 MB/10.0 MiB)
[    6.316824] sd 2:0:1:0: Attached scsi generic sg1 type 0
[    6.329173] sd 2:0:0:0: [sda] Write Protect is off
[    6.329271] sd 2:0:1:0: [sdb] Write Protect is off
[    6.329309] sd 2:0:1:0: [sdb] Incomplete mode parameter data
[    6.329309] sd 2:0:1:0: [sdb] Assuming drive cache: write through
[    6.331772] sd 2:0:0:0: [sda] Incomplete mode parameter data
[    6.332358] sd 2:0:1:0: [sdb] Attached SCSI disk
[    6.335236] sd 2:0:0:0: [sda] Assuming drive cache: write through
[    6.336523]  sda: sda1
[    6.337224] sd 2:0:0:0: [sda] Attached SCSI disk
[    8.289170] floppy0: no floppy controllers found
[    8.392297] work still pending
Begin: Loading e[    9.665875] md: linear personality registered for level -1
ssential drivers ... [    9.671876] md: multipath personality registered for level -4
[    9.677574] md: raid0 personality registered for level 0
[    9.681468] md: raid1 personality registered for level 1
[    9.756266] raid6: sse2x1   gen() 12892 MB/s
[    9.832206] raid6: sse2x1   xor() 10409 MB/s
[    9.904603] raid6: sse2x2   gen() 17408 MB/s
[    9.980291] raid6: sse2x2   xor() 11696 MB/s
[   10.052464] raid6: sse2x4   gen() 20366 MB/s
[   10.124640] raid6: sse2x4   xor() 14147 MB/s
[   10.128444] raid6: using algorithm sse2x4 gen() 20366 MB/s
[   10.129042] raid6: .... xor() 14147 MB/s, rmw enabled
[   10.129604] raid6: using ssse3x2 recovery algorithm
[   10.131076] xor: automatically using best checksumming function:
[   10.216338]    avx       : 27244.000 MB/sec
[   10.222563] async_tx: api initialized (async)
[   10.231048] md: raid6 personality registered for level 6
[   10.232902] md: raid5 personality registered for level 5
[   10.233495] md: raid4 personality registered for level 4
[   10.237227] md: raid10 personality registered for level 10
done.
Begin: Running /scripts/init-premount ... done.
Begin: Mounting root file system ... Begin: Running /scripts/local-top ... done.
Begin: Running /scripts/local-premount ... [   10.272137] Btrfs loaded
Scanning for Btrfs filesystems
done.
Warning: fsck not present, so sk[   10.305517] EXT4-fs (sda1): mounted filesystem with ordered data mode. Opts: (null)
ipping root file system
done.
Begin: Running /scripts/local-bottom ... done.
Begin: Running /scripts/init-bottom ... done.
[   10.387692] systemd[1]: systemd 229 running in system mode. (+PAM +AUDIT +SELINUX +IMA +APPARMOR +SMACK +SYSVINIT +UTMP +LIBCRYPTSETUP +GCRYPT +GNUTLS +ACL +XZ -LZ4 +SECCOMP +BLKID +ELFUTILS +KMOD -IDN)
[   10.432832] systemd[1]: Detected virtualization oracle.
[   10.450111] systemd[1]: Detected architecture x86-64.

Welcome to [1mUbuntu 16.04.2 LTS[0m!

[   10.466726] systemd[1]: Set hostname to <ubuntu>.
[   10.468650] systemd[1]: Initializing machine ID from random generator.
[   10.477063] systemd[1]: Installed transient /etc/machine-id file.
[   10.583168] systemd[1]: Reached target Swap.
[[0;32m  OK  [0m] Reached target Swap.
[   10.607176] systemd[1]: Created slice System Slice.
[[0;32m  OK  [0m] Created slice System Slice.
[   10.617890] systemd[1]: Created slice system-serial\x2dgetty.slice.
[[0;32m  OK  [0m] Created slice system-serial\x2dgetty.slice.
[   10.619520] systemd[1]: Listening on Journal Socket (/dev/log).
[[0;32m  OK  [0m] Listening on Journal Socket (/dev/log).
[   10.621030] systemd[1]: Set up automount Arbitrary Executable File Formats File System Automount Point.
[[0;32m  OK  [0m] Set up automount Arbitrary Executab...ats File System Automount Point.
[   10.634282] systemd[1]: Listening on LVM2 metadata daemon socket.
[[0;32m  OK  [0m] Listening on LVM2 metadata daemon socket.
[   10.636048] systemd[1]: Listening on Device-mapper event daemon FIFOs.
[[0;32m  OK  [0m] Listening on Device-mapper event daemon FIFOs.
[   10.650004] systemd[1]: Started Forward Password Requests to Wall Directory Watch.
[[0;32m  OK  [0m] Started Forward Password Requests to Wall Directory Watch.
[   10.655796] systemd[1]: Listening on Syslog Socket.
[[0;32m  OK  [0m] Listening on Syslog Socket.
[   10.692410] systemd[1]: Listening on Journal Audit Socket.
[[0;32m  OK  [0m] Listening on Journal Audit Socket.
[   10.694015] systemd[1]: Reached target User and Group Name Lookups.
[[0;32m  OK  [0m] Reached target User and Group Name Lookups.
[   10.695629] systemd[1]: Created slice User and Session Slice.
[[0;32m  OK  [0m] Created slice User and Session Slice.
[   10.697031] systemd[1]: Reached target Slices.
[[0;32m  OK  [0m] Reached target Slices.
[   10.698258] systemd[1]: Listening on udev Control Socket.
[[0;32m  OK  [0m] Listening on udev Control Socket.
[   10.702958] systemd[1]: Reached target Encrypted Volumes.
[[0;32m  OK  [0m] Reached target Encrypted Volumes.
[   10.737983] systemd[1]: Listening on Journal Socket.
[[0;32m  OK  [0m] Listening on Journal Socket.
[   10.752643] systemd[1]: Starting Remount Root and Kernel File Systems...
         Starting Remount Root and Kernel[   10.799479] EXT4-fs (sda1): re-mounted. Opts: (null)
 File Systems...
[   10.810692] systemd[1]: Starting Uncomplicated firewall...
         Starting Uncomplicated firewall...
[   10.850267] systemd[1]: Starting Journal Service...
         Starting Journal Service...
[   10.909041] systemd[1]: Starting Monitoring of LVM2 mirrors, snapshots etc. using dmeventd or progress polling...
         Starting Monitoring of LVM2 mirrors... dmeventd or progress polling...
[   10.940540] systemd[1]: Starting Set console keymap...
         Starting Set console keymap...
[   10.946357] systemd[1]: Starting Nameserver information manager...
         Starting Nameserver information manager...
[   10.948654] systemd[1]: Mounting POSIX Message Queue File System...
         Mounting POSIX Message Queue File System...
[   10.951010] systemd[1]: Mounting Debug File System...
         Mounting Debug File System...
[   10.955024] systemd[1]: Starting Load Kernel Modules...
         Starting Load Kernel Modules...
[   10.962031] systemd[1]: Mounting Huge Pages File System...
         Mounting Huge Pages File System...
[   10.967777] Loading iSCSI transport class v2.0-870.
[   10.968118] systemd[1]: Starting Create list of required static device nodes for the current kernel...
         Starting Create list of required[   10.975617] iscsi: registered transport (tcp)
 st... nodes for the current kernel...
[   10.977577] systemd[1]: Listening on /dev/initctl Compatibility Named Pipe.
[[0;32m  OK  [0m] Listening on /dev/initctl Compatibility Named Pipe.
[   10.992411] systemd[1]: Listening on LVM2 poll daemon socket.
[[0;32m  OK  [0m] Listening on LVM[   11.002256] iscsi: registered transport (iser)
2 poll daemon socket.
[   11.004259] systemd[1]: Listening on udev Kernel Socket.
[[0;32m  OK  [0m] Listening on udev Kernel Socket.
[   11.017028] systemd[1]: Mounted POSIX Message Queue File System.
[[0;32m  OK  [0m] Mounted POSIX Message Queue File System.
[   11.053919] systemd[1]: Mounted Huge Pages File System.
[[0;32m  OK  [0m] Mounted Huge Pages File System.
[   11.055546] systemd[1]: Mounted Debug File System.
[[0;32m  OK  [0m] Mounted Debug File System.
[   11.056870] systemd[1]: Started Journal Service.
[[0;32m  OK  [0m] Started Journal Service.
[[0;32m  OK  [0m] Started Remount Root and Kernel File Systems.
[[0;32m  OK  [0m] Started Uncomplicated firewall.
[[0;32m  OK  [0m] Started Set console keymap.
[[0;32m  OK  [0m] Started Load Kernel Modules.
[[0;32m  OK  [0m] Started Create list of required sta...ce nodes for the current kernel.
[[0;32m  OK  [0m] Started Nameserver information manager.
[[0;32m  OK  [0m] Started LVM2 metadata daemon.
         Starting Create Static Device Nodes in /dev...
         Mounting FUSE Control File System...
         Starting Apply Kernel Variables...
         Starting udev Coldplug all Devices...
         Starting Initial cloud-init job (pre-networking)...
         Starting Load/Save Random Seed...
         Starting Flush Journal to Persistent Storage...
[[0;32m  OK  [0m] Mounted FUSE Control File System.
[[0;32m  OK  [0m] Started Create Static Device Nodes in /dev.
[[0;32m  OK  [0m] Started Apply Kernel Variables.
[[0;32m  OK  [0m] Started Load/Save Random Seed.
[[0;32m  OK  [0m] Started udev Coldplug all Devices.
[[0;32m  OK  [0m] Started Flush Journal to Persistent Storage.
         Starting udev Kernel Device Manager...
[[0;32m  OK  [0m] Started udev Kernel Device Manager.
[[0;32m  OK  [0m] Started Dispatch Password Requests to Console Directory Watch.
[[0;32m  OK  [0m] Found device /dev/ttyS0.
[[0;32m  OK  [0m] Started Monitoring of LVM2 mirrors,...ng dmeventd or progress polling.
[[0;32m  OK  [0m] Reached target Local File Systems (Pre).
[[0;32m  OK  [0m] Reached target Local File Systems.
         Starting Tell Plymouth To Write Out Runtime Data...
         Starting Set console font and keymap...
         Starting Create Volatile Files and Directories...
         Starting LSB: AppArmor initialization...
         Starting Commit a transient machine-id on disk...
[[0;32m  OK  [0m] Started Tell Plymouth To Write Out Runtime Data.
[[0;32m  OK  [0m] Started Create Volatile Files and Directories.
         Starting Update UTMP about System Boot/Shutdown...
[[0;32m  OK  [0m] Reached target System Time Synchronized.
[[0;32m  OK  [0m] Started Update UTMP about System Boot/Shutdown.
[[0;32m  OK  [0m] Started Commit a transient machine-id on disk.
[[0;32m  OK  [0m] Listening on Load/Save RF Kill Switch Status /dev/rfkill Watch.
[    9.158280] cloud-init[478]: Cloud-init v. 0.7.9 running 'init-local' at Fri, 24 Feb 2017 17:08:28 +0000. Up 8.84 seconds.
[[0;32m  OK  [0m] Started Initial cloud-init job (pre-networking).
[[0;32m  OK  [0m] Started LSB: AppArmor initialization.
[[0;32m  OK  [0m] Reached target Network (Pre).
         Starting Raise network interfaces...
[[0;32m  OK  [0m] Started Set console font and keymap.
[[0;32m  OK  [0m] Created slice system-getty.slice.
[[0;32m  OK  [0m] Started Raise network interfaces.
         Starting Initial cloud-init job (metadata service crawler)...
[[0;32m  OK  [0m] Reached target Network.
[   12.195814] cloud-init[1036]: Cloud-init v. 0.7.9 running 'init' at Fri, 24 Feb 2017 17:08:31 +0000. Up 11.88 seconds.
[   12.228471] [cloud-init[0;32m  OK  [0m[1036]: ] ci-info: +++++++++++++++++++++++++++++++++++++Net device info++++++++++++++++++++++++++++++++++++++Started Initial cloud-init job (metadata service crawler).

[   12.228771] cloud-init[1036]: ci-info: +--------+------+----------------------------+---------------+-------+-------------------+
[   12.260689] [cloud-init[0;32m  OK  [0m[1036]: ] ci-info: | Device |  Up  |          Address           |      Mask     | Scope |     Hw-Address    |Reached target Cloud-config availability.

[   12.261012] [cloud-init[0;32m  OK  [0m[1036]: ] ci-info: +--------+------+----------------------------+---------------+-------+-------------------+Reached target Network is Online.

[   12.272547] cloud-init[1036]: ci-info: |   lo   | True |         127.0.0.1          |   255.0.0.0   |   .   |         .         |
[   12.312255] cloud-init[1036]: ci-info: |   lo   | True |          ::1/128           |       .       |  host |         .         |
[   12.319538]          Starting iSCSI initiator daemon (iscsid)...
cloud-init[1036]: ci-info: | enp0s3 | True |         10.0.2.15          | 255.255.255.0 |   .   | 02:ee:b6:8e:84:86 |
[   12.337459] [cloud-init[0;32m  OK  [0m[1036]: ] ci-info: | enp0s3 | True | fe80::ee:b6ff:fe8e:8486/64 |       .       |  link | 02:ee:b6:8e:84:86 |Reached target System Initialization.

[[0;32m  OK  [0m] Listening on UUID daemon activation socket.
[[0;32m  OK  [0m] Listening on D-Bus System Message Bus Socket.
[   12.338187] cloud-init[1036]: ci-info: +--------+------+----------------------------+---------------+-------+-------------------+
[   12.368656] [cloud-init[0;32m  OK  [0m[1036]: ] ci-info: +++++++++++++++++++++++++++Route IPv4 info++++++++++++++++++++++++++++Started ACPI Events Check.

         Starting Socket activation for snappy daemon.
[   12.369357] cloud-init[1036]: ci-info: +-------+-------------+----------+---------------+-----------+-------+
[   12.396876]          cloud-initStarting LXD - unix socket.[1036]: 
ci-info: | Route | Destination | Gateway  |    Genmask    | Interface | Flags |
[   12.407244] [cloud-init[0;32m  OK  [0m[1036]: ] ci-info: +-------+-------------+----------+---------------+-----------+-------+Started Trigger resolvconf update for networkd DNS.

[   12.408070] [cloud-init[0;32m  OK  [0m[1036]: ] ci-info: |   0   |   0.0.0.0   | 10.0.2.2 |    0.0.0.0    |   enp0s3  |   UG  |Reached target Paths.

[   12.421504] [cloud-init[0;32m  OK  [0m[1036]: ] ci-info: |   1   |   10.0.2.0  | 0.0.0.0  | 255.255.255.0 |   enp0s3  |   U   |Started Timer to automatically refresh installed snaps.

[[0;32m  OK  [0m] Started Daily apt activities.
[[0;32m  OK  [0m] Started Daily Cleanup of Temporary Directories.
[[0;32m  OK  [0m] Reached target Timers.
[[0;32m  OK  [0m] Listening on ACPID Listen Socket.
[   12.432499] cloud-init[1036]: ci-info: +-------+-------------+----------+---------------+-----------+-------+
[[0;32m  OK  [0m] Listening on Socket activation for snappy daemon.
[[0;32m  OK  [0m] Listening on LXD - unix socket.
[[0;32m  OK  [0m] Started iSCSI initiator daemon (iscsid).
[   12.479913] cloud-init[1036]: Generating public/private rsa key pair.
[   12.515302] cloud-init[1036]: Your identification has been saved in /etc/ssh/ssh_host_rsa_key.
[   12.556997] cloud-init[1036]: Your public key has been saved in /etc/ssh/ssh_host_rsa_key.pub.
[   12.563977] cloud-init[1036]: The key fingerprint is:
         Starting Login to default iSCSI targets...
[[0;32m  OK  [0m] Reached target Sockets.
[   12.578968] cloud-init[1036]: SHA256:2wg+xJISeYEJdAs6jepmCkZ1NO2m7jO+cnFBAsqXBb4 root@ubuntu-xenial
[   12.601291] cloud-init[1036]: The key's randomart image is:
[   12.601745] cloud-init[1036]: +---[RSA 2048]----+
[   12.601857] cloud-init[1036]: |o+ *++.          |
[   12.602058] cloud-init[1036]: |ooB.=o.o         |
[   12.602239] cloud-init[1036]: |+o+*..+          |
[   12.602368] cloud-init[1036]: |..oooo +         |
[   12.602483] cloud-init[1036]: |...Eo * S        |
[   12.602584] cloud-init[1036]: |o  . * o +       |
[   12.602683] cloud-init[1036]: |.=  . = o .      |
[   12.602781] cloud-init[1036]: |*  . = .         |
[   12.602880] cloud-init[1036]: |.   =++          |
[   12.603576] cloud-init[1036]: +----[SHA256]-----+
[   12.603690] cloud-init[1036]: Generating public/private dsa key pair.
[   12.603793] cloud-init[1036]: Your identification has been saved in /etc/ssh/ssh_host_dsa_key.
[   12.603964] cloud-init[1036]: Your public key has been saved in /etc/ssh/ssh_host_dsa_key.pub.
[   12.604075] cloud-init[1036]: The key fingerprint is:
[   12.604176] cloud-init[1036]: SHA256:TDjFWZ5/3AYw6WJD/JpSLmf8mibGaL9AOFc9qKqGAYw root@ubuntu-xenial
[   12.604274] cloud-init[1036]: The key's randomart image is:
[[0;32m  OK  [0m] Reached target Basic System.
[   12.605111] cloud-init[1036]: +---[DSA 1024]----+
[   12.723547] cloud-init[1036]: |       ..+. o.   |
[   12.729579] cloud-init[1036]: |       oo+o..o   |
[   12.734041] cloud-init[1036]: |o     o +.=o  .  |
[   12.748588] cloud-init[1036]: |E.   . *  =oo. o |
[   12.760327] cloud-init[1036]: |.   o + S= =. o o|
[   12.776467] [cloud-init[0;32m  OK  [0m[1036]: ] |.    =  o B  . . |Started Deferred execution scheduler.

[   12.783229] cloud-init[1036]: | o  . .o = .     |
[   12.792478] cloud-init[1036]: |. ..  o.+ ...    |
         Starting Apply the settings specified in cloud-config...
[   12.798546] cloud-init[1036]: | ..  . oo+o.     |
[   12.800853]          Starting /etc/rc.local Compatibility...
[[0;32m  OK  [0m] Started D-Bus System Message Bus.
cloud-init[1036]: +----[SHA256]-----+
[   12.805054] cloud-init[1036]: Generating public/private ecdsa key pair.
[   12.820280] cloud-init[1036]: Your identification has been saved in /etc/ssh/ssh_host_ecdsa_key.
         Starting LXD - container startup/shutdown...
[   12.835556] cloud-init[1036]: Your public key has been saved in /etc/ssh/ssh_host_ecdsa_key.pub.
[   12.861798] cloud-init[1036]: The key fingerprint is:
[   12.863884] cloud-init[1036]: SHA256:R1m1COwvV85UpcV/o0bsHxixxt31gjb484jVkb+KQjM root@ubuntu-xenial
[   12.866012] cloud-init[1036]: The key's randomart image is:
[   12.866909] cloud-init[1036]: +---[ECDSA 256]---+
         Starting System Logging Service...
         Starting Login Service...
         Starting LSB: Record successful boot for GRUB...
[[0;32m  OK  [0m] Started FUSE filesystem for LXC.
         Starting Accounts Service...
[   12.881579] cloud-init[1036]: |         .. ....+|
[[0;32m  OK  [0m] Started Regular background program processing daemon.
[   12.913301] cloud-init[1036]: |          .+ o ++|
[   12.915276] cloud-init[1036]: |         .o.+.*o=|
[[0;32m  OK  [0m] Started ACPI event daemon.
         Starting Pollinate to seed the pseudo random number generator...
         Starting LSB: MD monitoring daemon...
[[0;32m  OK  [0m] Started Snappy daemon.
         Starting Auto import assertions from block devices...
[[0;32m  OK  [0m] Started System Logging Service.
[[0;32m  OK  [0m] Started /etc/rc.local Compatibility.
[[0;32m  OK  [0m] Started LXD - container startup/shutdown.
[   12.929287] cloud-init[1036]: |         .o +B*o=|
[   12.948404] cloud-init[1036]: |        S .++B++o|
[   12.957791] cloud-init[1036]: |         E. *=+..|
[   12.965594] cloud-init[1036]: |        . o=.+. o|
[[0;32m  OK  [0m] Started LSB: Record successful boot for GRUB.
[   12.977404] cloud-init[1036]: |         .. o .o |
[[0;32m  OK  [0m] Started Auto import assertions from block devices.
[   12.994625] cloud-init[1036]: |          .. ..  |
[   13.004492] cloud-init[1036]: +----[SHA256]-----+
[   13.015019] cloud-init[1036]: Generating public/private ed25519 key pair.
[[0;32m  OK  [0m[   13.028180] cloud-init[1036]: Your identification has been saved in /etc/ssh/ssh_host_ed25519_key.
[   13.028317] cloud-init[1036]: Your public key has been saved in /etc/ssh/ssh_host_ed25519_key.pub.
[   13.028380] cloud-init[1036]: The key fingerprint is:
[   13.028405] cloud-init[1036]: SHA256:uPAQogc/lzssbRlkpAJ/iJO5SytWOsNPYK2A4bMlAUE root@ubuntu-xenial
[   13.028425] cloud-init[1036]: The key's randomart image is:
[   13.028445] cloud-init[1036]: +--[ED25519 256]--+
[   13.028465] cloud-init[1036]: |=E  .            |
[   13.028484] cloud-init[1036]: |o= +             |
[   13.028504] cloud-init[1036]: |O.= =            |
[   13.028523] cloud-init[1036]: |oOo= o .         |
[   13.028545] cloud-init[1036]: |=B++* . S        |
[   13.028565] cloud-init[1036]: |=o@= B .         |
[   13.028584] cloud-init[1036]: |oX..B o          |
[   13.028603] cloud-init[1036]: |o =o .           |
[   13.028622] cloud-init[1036]: |   .             |
[   13.028642] cloud-init[1036]: +----[SHA256]-----+
] Started Login to default iSCSI targets.
[[0;32m  OK  [0m] Started LSB: MD monitoring daemon.
[   13.080994] cloud-init[1136]: Generating locales (this might take a while)...
         Starting Authenticate and Authorize Users to Run Privileged Tasks...
[[0;32m  OK  [0m] Reached target Remote File Systems (Pre).
[[0;32m  OK  [0m] Reached target Remote File Systems.
         Starting LSB: automatic crash report generation...
         Starting LSB: Set the CPU Frequency Scaling governor to "ondemand"...
         Starting LSB: daemon to balance interrupts for SMP systems...
         Starting Permit User Sessions...
         Starting LSB: VirtualBox Linux Additions...
[[0;32m  OK  [0m] Started Permit User Sessions.
[[0;32m  OK  [0m] Started Login Service.
[[0;32m  OK  [0m] Started Authenticate and Authorize Users to Run Privileged Tasks.
[[0;32m  OK  [0m] Started Accounts Service.
         Starting Hold until boot process finishes up...
         Starting Terminate Plymouth Boot Screen...
[[0;32m  OK  [0m] Started LSB: automatic crash report generation.
[[0;32m  OK  [0m] Started LSB: Set the CPU Frequency Scaling governor to "ondemand".
[[0;32m  OK  [0m] Started LSB: daemon to balance interrupts for SMP systems.
[[0;32m  OK  [0m] Started LSB: VirtualBox Linux Additions.
[[0;32m  OK  [0m] Started Hold until boot process finishes up.
[[0;32m  OK  [0m] Started Terminate Plymouth Boot Screen.
         Starting Set console scheme...
[[0;32m  OK  [0m] Started Getty on tty1.
[[0;32m  OK  [0m] Started Serial Getty on ttyS0.
[[0;32m  OK  [0m] Reached target Login Prompts.
[[0;32m  OK  [0m] Started Set console scheme.
[   13.749952] cloud-init[1136]:   en_US.UTF-8... done
[   13.760259] cloud-init[1136]: Generation complete.
[[0;32m  OK  [0m] Stopped OpenBSD Secure Shell server.
         Starting OpenBSD Secure Shell server...
[[0;32m  OK  [0m] Started OpenBSD Secure Shell server.
[[0;32m  OK  [0m] Started Pollinate to seed the pseudo random number generator.
[[0;32m  OK  [0m] Reached target Multi-User System.
[[0;32m  OK  [0m] Reached target Graphical Interface.
         Starting Update UTMP about System Runlevel Changes...
[[0;32m  OK  [0m] Started Update UTMP about System Runlevel Changes.
[   13.981522] cloud-init[1136]: Cloud-init v. 0.7.9 running 'modules:config' at Fri, 24 Feb 2017 17:08:32 +0000. Up 13.00 seconds.
[[0;32m  OK  [0m] Started Apply the settings specified in cloud-config.
         Starting Execute cloud user/final scripts...
ci-info: no authorized ssh keys fingerprints found for user ubuntu.
<14>Feb 24 17:08:33 ec2: 
<14>Feb 24 17:08:33 ec2: #############################################################
<14>Feb 24 17:08:33 ec2: -----BEGIN SSH HOST KEY FINGERPRINTS-----
<14>Feb 24 17:08:33 ec2: 1024 SHA256:TDjFWZ5/3AYw6WJD/JpSLmf8mibGaL9AOFc9qKqGAYw root@ubuntu-xenial (DSA)
<14>Feb 24 17:08:33 ec2: 256 SHA256:R1m1COwvV85UpcV/o0bsHxixxt31gjb484jVkb+KQjM root@ubuntu-xenial (ECDSA)
<14>Feb 24 17:08:33 ec2: 256 SHA256:uPAQogc/lzssbRlkpAJ/iJO5SytWOsNPYK2A4bMlAUE root@ubuntu-xenial (ED25519)
<14>Feb 24 17:08:33 ec2: 2048 SHA256:2wg+xJISeYEJdAs6jepmCkZ1NO2m7jO+cnFBAsqXBb4 root@ubuntu-xenial (RSA)
<14>Feb 24 17:08:33 ec2: -----END SSH HOST KEY FINGERPRINTS-----
<14>Feb 24 17:08:33 ec2: #############################################################
-----BEGIN SSH HOST KEY KEYS-----
ecdsa-sha2-nistp256 AAAAE2VjZHNhLXNoYTItbmlzdHAyNTYAAAAIbmlzdHAyNTYAAABBBHU01hIj9Yf55KnGg55wBOl/fQTiRytKHL0iYv6QNo7hLV3oHfJOKjd3qYWN43/GNDxzGPiXZnAYjN3qf1XwdQ8= root@ubuntu-xenial
ssh-ed25519 AAAAC3NzaC1lZDI1NTE5AAAAII4MNvfQdAboM2i9y2txxmWhRcjAabaVK4SDnIuX5UBQ root@ubuntu-xenial
ssh-rsa AAAAB3NzaC1yc2EAAAADAQABAAABAQCsCRh7eZVSTU/kzSEnbM/RsTwnvWKQcvQy+pKnFbtFD038orwgsdZgnfoyPvm82WxMSElx6j/XCBvbHFjS1hL6vqFx+p94xJ2zE9qFRT5iqeaqKlA3S2OV0bz5IC8c3Gx09KQwCNzP8UyDPZSkxyNOTS5PFk6Wna2skNluJlhkd23SC02UghcjCRk2ooHC3xZHZFFEZCu4qJNqb26WxdL9CJhPnv+PwP/CN7bPIcMlK7fmk8SjRjFjZA0iRLjdxI9u2wZqGk7iBATsb9zzWoXmauc25IorUSlUF7KFCifEBJ0RKK2GJycUD8UgItlUCYft9Fz9bOeug45IippqIstp root@ubuntu-xenial
-----END SSH HOST KEY KEYS-----
[   14.323453] cloud-init[1396]: Cloud-init v. 0.7.9 running 'modules:final' at Fri, 24 Feb 2017 17:08:33 +0000. Up 14.19 seconds.
[   14.327775] cloud-init[1396]: ci-info: no authorized ssh keys fingerprints found for user ubuntu.
[   14.335570] cloud-init[1396]: Cloud-init v. 0.7.9 finished at Fri, 24 Feb 2017 17:08:33 +0000. Datasource DataSourceNoCloud [seed=/dev/sdb][dsmode=net].  Up 14.31 seconds
[[0;32m  OK  [0m] Started Execute cloud user/final scripts.
[[0;32m  OK  [0m] Reached target Cloud-init target.

Ubuntu 16.04.2 LTS ubuntu-xenial ttyS0

ubuntu-xenial login: 